<?xml version="1.0" encoding="UTF-8"?>
<TestRun id="06beddc0-44c4-4f0d-a328-64f959550348" name="kwilliams@WS-KWILLIAMS 2012-10-11 12:57:55" runUser="CCS\kwilliams" xmlns="http://microsoft.com/schemas/VisualStudio/TeamTest/2010">
  <TestSettings name="Local" id="a1caf380-46cb-40ec-bf71-1f09af674c7e">
    <Description>These are default test settings for a local test run.</Description>
    <Deployment enabled="false" runDeploymentRoot="kwilliams_WS-KWILLIAMS 2012-10-11 12_57_55">
      <DeploymentItem filename="C:\Users\kwilliams\Downloads\NotMyself-GildedRose-v1.0-3-gccb50d0\NotMyself-GildedRose-ccb50d0\src\GildedRose.Core\bin\Debug\GildedRose.Core.dll" />
    </Deployment>
    <Execution>
      <TestTypeSpecific />
      <AgentRule name="Execution Agents">
      </AgentRule>
    </Execution>
  </TestSettings>
  <Times creation="2012-10-11T12:57:55.9509253-04:00" queuing="2012-10-11T12:57:56.0133277-04:00" start="2012-10-11T12:57:56.0289283-04:00" finish="2012-10-11T12:57:56.3565409-04:00" />
  <ResultSummary outcome="Completed">
    <Counters total="37" executed="37" passed="37" error="0" failed="0" timeout="0" aborted="0" inconclusive="0" passedButRunAborted="0" notRunnable="0" notExecuted="0" disconnected="0" warning="0" completed="0" inProgress="0" pending="0" />
  </ResultSummary>
  <TestDefinitions>
    <UnitTest name="ConjuredItemsDegradeInQualityTwiceAsFastAsNormalItems" storage="c:\users\kwilliams\downloads\notmyself-gildedrose-v1.0-3-gccb50d0\notmyself-gildedrose-ccb50d0\src\gildedrose.unittests\bin\debug\gildedrose.unittests.dll" id="f835aa2c-fcac-adc6-42e6-7298b1ae58dc">
      <Execution id="f448f443-b491-45c0-ae0d-52fd611600b9" />
      <TestMethod codeBase="C:/Users/kwilliams/Downloads/NotMyself-GildedRose-v1.0-3-gccb50d0/NotMyself-GildedRose-ccb50d0/src/GildedRose.UnitTests/bin/Debug/GildedRose.UnitTests.DLL" adapterTypeName="Microsoft.VisualStudio.TestTools.TestTypes.Unit.UnitTestAdapter, Microsoft.VisualStudio.QualityTools.Tips.UnitTest.Adapter, Version=10.0.0.0, Culture=neutral, PublicKeyToken=b03f5f7f11d50a3a" className="GildedRose.UnitTests.GildedRoseProcessorTests, GildedRose.UnitTests, Version=1.0.0.0, Culture=neutral, PublicKeyToken=null" name="ConjuredItemsDegradeInQualityTwiceAsFastAsNormalItems" />
    </UnitTest>
    <UnitTest name="SellInForConjuredDecreasesByOne" storage="c:\users\kwilliams\downloads\notmyself-gildedrose-v1.0-3-gccb50d0\notmyself-gildedrose-ccb50d0\src\gildedrose.unittests\bin\debug\gildedrose.unittests.dll" id="123bb257-3032-3f4f-ef39-48d1e6e4bb3a">
      <Execution id="ff637fe7-e687-4f9b-970a-33956d8d928e" />
      <TestMethod codeBase="C:/Users/kwilliams/Downloads/NotMyself-GildedRose-v1.0-3-gccb50d0/NotMyself-GildedRose-ccb50d0/src/GildedRose.UnitTests/bin/Debug/GildedRose.UnitTests.DLL" adapterTypeName="Microsoft.VisualStudio.TestTools.TestTypes.Unit.UnitTestAdapter, Microsoft.VisualStudio.QualityTools.Tips.UnitTest.Adapter, Version=10.0.0.0, Culture=neutral, PublicKeyToken=b03f5f7f11d50a3a" className="GildedRose.UnitTests.GildedRoseProcessorTests, GildedRose.UnitTests, Version=1.0.0.0, Culture=neutral, PublicKeyToken=null" name="SellInForConjuredDecreasesByOne" />
    </UnitTest>
    <UnitTest name="BackstagePassQualityIncreasesByOneTenDays" storage="c:\users\kwilliams\downloads\notmyself-gildedrose-v1.0-3-gccb50d0\notmyself-gildedrose-ccb50d0\src\gildedrose.unittests\bin\debug\gildedrose.unittests.dll" id="e294a53a-8e48-f045-9dcf-c925acdd4191">
      <Execution id="478f12c9-1290-4a39-be4a-1f0cb6be7db2" />
      <TestMethod codeBase="C:/Users/kwilliams/Downloads/NotMyself-GildedRose-v1.0-3-gccb50d0/NotMyself-GildedRose-ccb50d0/src/GildedRose.UnitTests/bin/Debug/GildedRose.UnitTests.DLL" adapterTypeName="Microsoft.VisualStudio.TestTools.TestTypes.Unit.UnitTestAdapter, Microsoft.VisualStudio.QualityTools.Tips.UnitTest.Adapter, Version=10.0.0.0, Culture=neutral, PublicKeyToken=b03f5f7f11d50a3a" className="GildedRose.UnitTests.GildedRoseProcessorTests, GildedRose.UnitTests, Version=1.0.0.0, Culture=neutral, PublicKeyToken=null" name="BackstagePassQualityIncreasesByOneTenDays" />
    </UnitTest>
    <UnitTest name="QualityDecreasesByOneWhenSellInIsGreaterThanOrEqualToZero" storage="c:\users\kwilliams\downloads\notmyself-gildedrose-v1.0-3-gccb50d0\notmyself-gildedrose-ccb50d0\src\gildedrose.unittests\bin\debug\gildedrose.unittests.dll" id="91659e9d-b956-f36a-a54e-9014b8c300dc">
      <Execution id="776cf51d-f15d-4a3f-acd6-ea2322b809b9" />
      <TestMethod codeBase="C:/Users/kwilliams/Downloads/NotMyself-GildedRose-v1.0-3-gccb50d0/NotMyself-GildedRose-ccb50d0/src/GildedRose.UnitTests/bin/Debug/GildedRose.UnitTests.DLL" adapterTypeName="Microsoft.VisualStudio.TestTools.TestTypes.Unit.UnitTestAdapter, Microsoft.VisualStudio.QualityTools.Tips.UnitTest.Adapter, Version=10.0.0.0, Culture=neutral, PublicKeyToken=b03f5f7f11d50a3a" className="GildedRose.UnitTests.Strategies.Quality.DefaultQualityStrategyTests, GildedRose.UnitTests, Version=1.0.0.0, Culture=neutral, PublicKeyToken=null" name="QualityDecreasesByOneWhenSellInIsGreaterThanOrEqualToZero" />
    </UnitTest>
    <UnitTest name="QualityIncreasesByThreeWhenSellInIsWithinZeroAndFiveDays" storage="c:\users\kwilliams\downloads\notmyself-gildedrose-v1.0-3-gccb50d0\notmyself-gildedrose-ccb50d0\src\gildedrose.unittests\bin\debug\gildedrose.unittests.dll" id="fd710335-74a2-9199-7500-1eedb55c28d9">
      <Execution id="0f2c5d92-b2f4-48ca-a269-cdd0f35281db" />
      <TestMethod codeBase="C:/Users/kwilliams/Downloads/NotMyself-GildedRose-v1.0-3-gccb50d0/NotMyself-GildedRose-ccb50d0/src/GildedRose.UnitTests/bin/Debug/GildedRose.UnitTests.DLL" adapterTypeName="Microsoft.VisualStudio.TestTools.TestTypes.Unit.UnitTestAdapter, Microsoft.VisualStudio.QualityTools.Tips.UnitTest.Adapter, Version=10.0.0.0, Culture=neutral, PublicKeyToken=b03f5f7f11d50a3a" className="GildedRose.UnitTests.Strategies.Quality.BackstagePassQualityStrategyTests, GildedRose.UnitTests, Version=1.0.0.0, Culture=neutral, PublicKeyToken=null" name="QualityIncreasesByThreeWhenSellInIsWithinZeroAndFiveDays" />
    </UnitTest>
    <UnitTest name="GetStrategyReturnsAgedBrieQualityStrategyForAgedBrie" storage="c:\users\kwilliams\downloads\notmyself-gildedrose-v1.0-3-gccb50d0\notmyself-gildedrose-ccb50d0\src\gildedrose.unittests\bin\debug\gildedrose.unittests.dll" id="f917dd1b-9ac7-0f85-3d24-2af61a929d22">
      <Execution id="30252f5f-436c-4fff-ab8e-478e9d865d23" />
      <TestMethod codeBase="C:/Users/kwilliams/Downloads/NotMyself-GildedRose-v1.0-3-gccb50d0/NotMyself-GildedRose-ccb50d0/src/GildedRose.UnitTests/bin/Debug/GildedRose.UnitTests.DLL" adapterTypeName="Microsoft.VisualStudio.TestTools.TestTypes.Unit.UnitTestAdapter, Microsoft.VisualStudio.QualityTools.Tips.UnitTest.Adapter, Version=10.0.0.0, Culture=neutral, PublicKeyToken=b03f5f7f11d50a3a" className="GildedRose.UnitTests.Strategies.Quality.QualityStrategyFactoryTests, GildedRose.UnitTests, Version=1.0.0.0, Culture=neutral, PublicKeyToken=null" name="GetStrategyReturnsAgedBrieQualityStrategyForAgedBrie" />
    </UnitTest>
    <UnitTest name="QualityDecreasesByTwoWhenSellInIsGreaterThanOrEqualToZero" storage="c:\users\kwilliams\downloads\notmyself-gildedrose-v1.0-3-gccb50d0\notmyself-gildedrose-ccb50d0\src\gildedrose.unittests\bin\debug\gildedrose.unittests.dll" id="2c3af66c-872d-29ec-d9d5-610aa9ac5010">
      <Execution id="05b7292d-cba2-421a-9df7-66fde7af9c3d" />
      <TestMethod codeBase="C:/Users/kwilliams/Downloads/NotMyself-GildedRose-v1.0-3-gccb50d0/NotMyself-GildedRose-ccb50d0/src/GildedRose.UnitTests/bin/Debug/GildedRose.UnitTests.DLL" adapterTypeName="Microsoft.VisualStudio.TestTools.TestTypes.Unit.UnitTestAdapter, Microsoft.VisualStudio.QualityTools.Tips.UnitTest.Adapter, Version=10.0.0.0, Culture=neutral, PublicKeyToken=b03f5f7f11d50a3a" className="GildedRose.UnitTests.Strategies.Quality.ConjuredQualityStrategyTests, GildedRose.UnitTests, Version=1.0.0.0, Culture=neutral, PublicKeyToken=null" name="QualityDecreasesByTwoWhenSellInIsGreaterThanOrEqualToZero" />
    </UnitTest>
    <UnitTest name="QualityDoesNotGoAboveFiftyWhenSellInIsGreaterThanTenDays" storage="c:\users\kwilliams\downloads\notmyself-gildedrose-v1.0-3-gccb50d0\notmyself-gildedrose-ccb50d0\src\gildedrose.unittests\bin\debug\gildedrose.unittests.dll" id="e9f7a96e-540e-33c6-dbe4-02974f47e82a">
      <Execution id="c00295f2-301f-427c-9b26-8837b1b7bb00" />
      <TestMethod codeBase="C:/Users/kwilliams/Downloads/NotMyself-GildedRose-v1.0-3-gccb50d0/NotMyself-GildedRose-ccb50d0/src/GildedRose.UnitTests/bin/Debug/GildedRose.UnitTests.DLL" adapterTypeName="Microsoft.VisualStudio.TestTools.TestTypes.Unit.UnitTestAdapter, Microsoft.VisualStudio.QualityTools.Tips.UnitTest.Adapter, Version=10.0.0.0, Culture=neutral, PublicKeyToken=b03f5f7f11d50a3a" className="GildedRose.UnitTests.Strategies.Quality.BackstagePassQualityStrategyTests, GildedRose.UnitTests, Version=1.0.0.0, Culture=neutral, PublicKeyToken=null" name="QualityDoesNotGoAboveFiftyWhenSellInIsGreaterThanTenDays" />
    </UnitTest>
    <UnitTest name="QualityDoesNotGoAboveFiftyWhenSellInIsWithinZeroAndFiveDays" storage="c:\users\kwilliams\downloads\notmyself-gildedrose-v1.0-3-gccb50d0\notmyself-gildedrose-ccb50d0\src\gildedrose.unittests\bin\debug\gildedrose.unittests.dll" id="82110a26-b684-2691-3066-06093ea9fcce">
      <Execution id="58c7799c-2489-4a1a-82a9-d9026acb3808" />
      <TestMethod codeBase="C:/Users/kwilliams/Downloads/NotMyself-GildedRose-v1.0-3-gccb50d0/NotMyself-GildedRose-ccb50d0/src/GildedRose.UnitTests/bin/Debug/GildedRose.UnitTests.DLL" adapterTypeName="Microsoft.VisualStudio.TestTools.TestTypes.Unit.UnitTestAdapter, Microsoft.VisualStudio.QualityTools.Tips.UnitTest.Adapter, Version=10.0.0.0, Culture=neutral, PublicKeyToken=b03f5f7f11d50a3a" className="GildedRose.UnitTests.Strategies.Quality.BackstagePassQualityStrategyTests, GildedRose.UnitTests, Version=1.0.0.0, Culture=neutral, PublicKeyToken=null" name="QualityDoesNotGoAboveFiftyWhenSellInIsWithinZeroAndFiveDays" />
    </UnitTest>
    <UnitTest name="SellInForNormalItemDecreasesByOne" storage="c:\users\kwilliams\downloads\notmyself-gildedrose-v1.0-3-gccb50d0\notmyself-gildedrose-ccb50d0\src\gildedrose.unittests\bin\debug\gildedrose.unittests.dll" id="ccd557cb-8d5e-3d46-06e4-fe4b0bc2858f">
      <Execution id="1ac93d9c-e4ae-4e8b-90b8-5452a8611117" />
      <TestMethod codeBase="C:/Users/kwilliams/Downloads/NotMyself-GildedRose-v1.0-3-gccb50d0/NotMyself-GildedRose-ccb50d0/src/GildedRose.UnitTests/bin/Debug/GildedRose.UnitTests.DLL" adapterTypeName="Microsoft.VisualStudio.TestTools.TestTypes.Unit.UnitTestAdapter, Microsoft.VisualStudio.QualityTools.Tips.UnitTest.Adapter, Version=10.0.0.0, Culture=neutral, PublicKeyToken=b03f5f7f11d50a3a" className="GildedRose.UnitTests.GildedRoseProcessorTests, GildedRose.UnitTests, Version=1.0.0.0, Culture=neutral, PublicKeyToken=null" name="SellInForNormalItemDecreasesByOne" />
    </UnitTest>
    <UnitTest name="QualityDoesNotChange" storage="c:\users\kwilliams\downloads\notmyself-gildedrose-v1.0-3-gccb50d0\notmyself-gildedrose-ccb50d0\src\gildedrose.unittests\bin\debug\gildedrose.unittests.dll" id="23e7d37e-66a2-3cbb-92a7-931caccc3af7">
      <Execution id="a58d2749-f1da-4b4f-857a-4e475c31a358" />
      <TestMethod codeBase="C:/Users/kwilliams/Downloads/NotMyself-GildedRose-v1.0-3-gccb50d0/NotMyself-GildedRose-ccb50d0/src/GildedRose.UnitTests/bin/Debug/GildedRose.UnitTests.DLL" adapterTypeName="Microsoft.VisualStudio.TestTools.TestTypes.Unit.UnitTestAdapter, Microsoft.VisualStudio.QualityTools.Tips.UnitTest.Adapter, Version=10.0.0.0, Culture=neutral, PublicKeyToken=b03f5f7f11d50a3a" className="GildedRose.UnitTests.Strategies.Quality.SulfurasQualityStrategyTests, GildedRose.UnitTests, Version=1.0.0.0, Culture=neutral, PublicKeyToken=null" name="QualityDoesNotChange" />
    </UnitTest>
    <UnitTest name="BackstagePassQualityDropsToZeroAfterTheConcert" storage="c:\users\kwilliams\downloads\notmyself-gildedrose-v1.0-3-gccb50d0\notmyself-gildedrose-ccb50d0\src\gildedrose.unittests\bin\debug\gildedrose.unittests.dll" id="6f34fb8c-d619-23b1-a2b3-dde4c73ea402">
      <Execution id="936810aa-3f8a-4c85-be05-d21baa227fe9" />
      <TestMethod codeBase="C:/Users/kwilliams/Downloads/NotMyself-GildedRose-v1.0-3-gccb50d0/NotMyself-GildedRose-ccb50d0/src/GildedRose.UnitTests/bin/Debug/GildedRose.UnitTests.DLL" adapterTypeName="Microsoft.VisualStudio.TestTools.TestTypes.Unit.UnitTestAdapter, Microsoft.VisualStudio.QualityTools.Tips.UnitTest.Adapter, Version=10.0.0.0, Culture=neutral, PublicKeyToken=b03f5f7f11d50a3a" className="GildedRose.UnitTests.GildedRoseProcessorTests, GildedRose.UnitTests, Version=1.0.0.0, Culture=neutral, PublicKeyToken=null" name="BackstagePassQualityDropsToZeroAfterTheConcert" />
    </UnitTest>
    <UnitTest name="QualityIncreasesByOneWhenSellInIsGreaterThanTenDays" storage="c:\users\kwilliams\downloads\notmyself-gildedrose-v1.0-3-gccb50d0\notmyself-gildedrose-ccb50d0\src\gildedrose.unittests\bin\debug\gildedrose.unittests.dll" id="84dffe5e-ab0e-0858-1ab2-035e8b0950d9">
      <Execution id="ae46818c-bc46-4918-9be2-bd388b4db0f9" />
      <TestMethod codeBase="C:/Users/kwilliams/Downloads/NotMyself-GildedRose-v1.0-3-gccb50d0/NotMyself-GildedRose-ccb50d0/src/GildedRose.UnitTests/bin/Debug/GildedRose.UnitTests.DLL" adapterTypeName="Microsoft.VisualStudio.TestTools.TestTypes.Unit.UnitTestAdapter, Microsoft.VisualStudio.QualityTools.Tips.UnitTest.Adapter, Version=10.0.0.0, Culture=neutral, PublicKeyToken=b03f5f7f11d50a3a" className="GildedRose.UnitTests.Strategies.Quality.BackstagePassQualityStrategyTests, GildedRose.UnitTests, Version=1.0.0.0, Culture=neutral, PublicKeyToken=null" name="QualityIncreasesByOneWhenSellInIsGreaterThanTenDays" />
    </UnitTest>
    <UnitTest name="QualityDoesNotGoAboveFiftyWhenSellInIsWithinSixAndTenDays" storage="c:\users\kwilliams\downloads\notmyself-gildedrose-v1.0-3-gccb50d0\notmyself-gildedrose-ccb50d0\src\gildedrose.unittests\bin\debug\gildedrose.unittests.dll" id="029b7842-0b0f-715b-7a9c-149bdd2e4876">
      <Execution id="a5aa8d85-56eb-40e9-a2d7-fec29de05d40" />
      <TestMethod codeBase="C:/Users/kwilliams/Downloads/NotMyself-GildedRose-v1.0-3-gccb50d0/NotMyself-GildedRose-ccb50d0/src/GildedRose.UnitTests/bin/Debug/GildedRose.UnitTests.DLL" adapterTypeName="Microsoft.VisualStudio.TestTools.TestTypes.Unit.UnitTestAdapter, Microsoft.VisualStudio.QualityTools.Tips.UnitTest.Adapter, Version=10.0.0.0, Culture=neutral, PublicKeyToken=b03f5f7f11d50a3a" className="GildedRose.UnitTests.Strategies.Quality.BackstagePassQualityStrategyTests, GildedRose.UnitTests, Version=1.0.0.0, Culture=neutral, PublicKeyToken=null" name="QualityDoesNotGoAboveFiftyWhenSellInIsWithinSixAndTenDays" />
    </UnitTest>
    <UnitTest name="DoesNotChange" storage="c:\users\kwilliams\downloads\notmyself-gildedrose-v1.0-3-gccb50d0\notmyself-gildedrose-ccb50d0\src\gildedrose.unittests\bin\debug\gildedrose.unittests.dll" id="077f72ca-aa67-5eb5-83e8-c54bec8e49e1">
      <Execution id="cf4c8aae-2de3-47bf-9e45-e31b142eb038" />
      <TestMethod codeBase="C:/Users/kwilliams/Downloads/NotMyself-GildedRose-v1.0-3-gccb50d0/NotMyself-GildedRose-ccb50d0/src/GildedRose.UnitTests/bin/Debug/GildedRose.UnitTests.DLL" adapterTypeName="Microsoft.VisualStudio.TestTools.TestTypes.Unit.UnitTestAdapter, Microsoft.VisualStudio.QualityTools.Tips.UnitTest.Adapter, Version=10.0.0.0, Culture=neutral, PublicKeyToken=b03f5f7f11d50a3a" className="GildedRose.UnitTests.Strategies.SellIn.SulfurasSellInStrategyTests, GildedRose.UnitTests, Version=1.0.0.0, Culture=neutral, PublicKeyToken=null" name="DoesNotChange" />
    </UnitTest>
    <UnitTest name="BackstagePassQualityIncreasesByTwoWhenSellInReachesBetweenSixAndTenDays" storage="c:\users\kwilliams\downloads\notmyself-gildedrose-v1.0-3-gccb50d0\notmyself-gildedrose-ccb50d0\src\gildedrose.unittests\bin\debug\gildedrose.unittests.dll" id="d5d591b6-668c-08dc-e4f6-88caa3242d92">
      <Execution id="951b3c5b-b386-48fc-82db-8f665682e2d7" />
      <TestMethod codeBase="C:/Users/kwilliams/Downloads/NotMyself-GildedRose-v1.0-3-gccb50d0/NotMyself-GildedRose-ccb50d0/src/GildedRose.UnitTests/bin/Debug/GildedRose.UnitTests.DLL" adapterTypeName="Microsoft.VisualStudio.TestTools.TestTypes.Unit.UnitTestAdapter, Microsoft.VisualStudio.QualityTools.Tips.UnitTest.Adapter, Version=10.0.0.0, Culture=neutral, PublicKeyToken=b03f5f7f11d50a3a" className="GildedRose.UnitTests.GildedRoseProcessorTests, GildedRose.UnitTests, Version=1.0.0.0, Culture=neutral, PublicKeyToken=null" name="BackstagePassQualityIncreasesByTwoWhenSellInReachesBetweenSixAndTenDays" />
    </UnitTest>
    <UnitTest name="QualityDoesNotGoAboveFifty" storage="c:\users\kwilliams\downloads\notmyself-gildedrose-v1.0-3-gccb50d0\notmyself-gildedrose-ccb50d0\src\gildedrose.unittests\bin\debug\gildedrose.unittests.dll" id="d5a6fe62-38b5-5778-33fd-d645e0bf73a8">
      <Execution id="07a56bff-2edd-4b4d-9b27-1aba30043b83" />
      <TestMethod codeBase="C:/Users/kwilliams/Downloads/NotMyself-GildedRose-v1.0-3-gccb50d0/NotMyself-GildedRose-ccb50d0/src/GildedRose.UnitTests/bin/Debug/GildedRose.UnitTests.DLL" adapterTypeName="Microsoft.VisualStudio.TestTools.TestTypes.Unit.UnitTestAdapter, Microsoft.VisualStudio.QualityTools.Tips.UnitTest.Adapter, Version=10.0.0.0, Culture=neutral, PublicKeyToken=b03f5f7f11d50a3a" className="GildedRose.UnitTests.Strategies.Quality.AgedBrieQualityStrategyTests, GildedRose.UnitTests, Version=1.0.0.0, Culture=neutral, PublicKeyToken=null" name="QualityDoesNotGoAboveFifty" />
    </UnitTest>
    <UnitTest name="QualityIncreasesForAgedBrie" storage="c:\users\kwilliams\downloads\notmyself-gildedrose-v1.0-3-gccb50d0\notmyself-gildedrose-ccb50d0\src\gildedrose.unittests\bin\debug\gildedrose.unittests.dll" id="4b68dd3f-1fec-2ad9-0153-971ebb6fd601">
      <Execution id="12a70572-b336-4cf1-ae45-1f4209b96c0f" />
      <TestMethod codeBase="C:/Users/kwilliams/Downloads/NotMyself-GildedRose-v1.0-3-gccb50d0/NotMyself-GildedRose-ccb50d0/src/GildedRose.UnitTests/bin/Debug/GildedRose.UnitTests.DLL" adapterTypeName="Microsoft.VisualStudio.TestTools.TestTypes.Unit.UnitTestAdapter, Microsoft.VisualStudio.QualityTools.Tips.UnitTest.Adapter, Version=10.0.0.0, Culture=neutral, PublicKeyToken=b03f5f7f11d50a3a" className="GildedRose.UnitTests.GildedRoseProcessorTests, GildedRose.UnitTests, Version=1.0.0.0, Culture=neutral, PublicKeyToken=null" name="QualityIncreasesForAgedBrie" />
    </UnitTest>
    <UnitTest name="QualityIncreasesByOne" storage="c:\users\kwilliams\downloads\notmyself-gildedrose-v1.0-3-gccb50d0\notmyself-gildedrose-ccb50d0\src\gildedrose.unittests\bin\debug\gildedrose.unittests.dll" id="4101c203-508c-fdae-7a80-4eb5c134b17c">
      <Execution id="cc3b7b39-9dc3-4923-999e-a5536e0a3735" />
      <TestMethod codeBase="C:/Users/kwilliams/Downloads/NotMyself-GildedRose-v1.0-3-gccb50d0/NotMyself-GildedRose-ccb50d0/src/GildedRose.UnitTests/bin/Debug/GildedRose.UnitTests.DLL" adapterTypeName="Microsoft.VisualStudio.TestTools.TestTypes.Unit.UnitTestAdapter, Microsoft.VisualStudio.QualityTools.Tips.UnitTest.Adapter, Version=10.0.0.0, Culture=neutral, PublicKeyToken=b03f5f7f11d50a3a" className="GildedRose.UnitTests.Strategies.Quality.AgedBrieQualityStrategyTests, GildedRose.UnitTests, Version=1.0.0.0, Culture=neutral, PublicKeyToken=null" name="QualityIncreasesByOne" />
    </UnitTest>
    <UnitTest name="SellInForAgedBrieDecreasesByOne" storage="c:\users\kwilliams\downloads\notmyself-gildedrose-v1.0-3-gccb50d0\notmyself-gildedrose-ccb50d0\src\gildedrose.unittests\bin\debug\gildedrose.unittests.dll" id="ca2989b2-7ee6-b36e-f08f-8f4a3814fa57">
      <Execution id="bde58fca-8481-4c36-ac41-c93248d2eac4" />
      <TestMethod codeBase="C:/Users/kwilliams/Downloads/NotMyself-GildedRose-v1.0-3-gccb50d0/NotMyself-GildedRose-ccb50d0/src/GildedRose.UnitTests/bin/Debug/GildedRose.UnitTests.DLL" adapterTypeName="Microsoft.VisualStudio.TestTools.TestTypes.Unit.UnitTestAdapter, Microsoft.VisualStudio.QualityTools.Tips.UnitTest.Adapter, Version=10.0.0.0, Culture=neutral, PublicKeyToken=b03f5f7f11d50a3a" className="GildedRose.UnitTests.GildedRoseProcessorTests, GildedRose.UnitTests, Version=1.0.0.0, Culture=neutral, PublicKeyToken=null" name="SellInForAgedBrieDecreasesByOne" />
    </UnitTest>
    <UnitTest name="GetStrategyReturnsBackStagePassQualityStrategyForBackstagePass" storage="c:\users\kwilliams\downloads\notmyself-gildedrose-v1.0-3-gccb50d0\notmyself-gildedrose-ccb50d0\src\gildedrose.unittests\bin\debug\gildedrose.unittests.dll" id="36e68923-5b7c-2f07-f4ce-e1d790c3629c">
      <Execution id="f1582f63-9783-44cf-9caa-b517efc3bd65" />
      <TestMethod codeBase="C:/Users/kwilliams/Downloads/NotMyself-GildedRose-v1.0-3-gccb50d0/NotMyself-GildedRose-ccb50d0/src/GildedRose.UnitTests/bin/Debug/GildedRose.UnitTests.DLL" adapterTypeName="Microsoft.VisualStudio.TestTools.TestTypes.Unit.UnitTestAdapter, Microsoft.VisualStudio.QualityTools.Tips.UnitTest.Adapter, Version=10.0.0.0, Culture=neutral, PublicKeyToken=b03f5f7f11d50a3a" className="GildedRose.UnitTests.Strategies.Quality.QualityStrategyFactoryTests, GildedRose.UnitTests, Version=1.0.0.0, Culture=neutral, PublicKeyToken=null" name="GetStrategyReturnsBackStagePassQualityStrategyForBackstagePass" />
    </UnitTest>
    <UnitTest name="GetStrategyReturnsSulfurasQualityStrategyForSulfuras" storage="c:\users\kwilliams\downloads\notmyself-gildedrose-v1.0-3-gccb50d0\notmyself-gildedrose-ccb50d0\src\gildedrose.unittests\bin\debug\gildedrose.unittests.dll" id="8c5f07e9-21bb-6cf1-26e3-f9824b699a49">
      <Execution id="53876e85-bf18-48a1-bd81-ffba3fbff5c0" />
      <TestMethod codeBase="C:/Users/kwilliams/Downloads/NotMyself-GildedRose-v1.0-3-gccb50d0/NotMyself-GildedRose-ccb50d0/src/GildedRose.UnitTests/bin/Debug/GildedRose.UnitTests.DLL" adapterTypeName="Microsoft.VisualStudio.TestTools.TestTypes.Unit.UnitTestAdapter, Microsoft.VisualStudio.QualityTools.Tips.UnitTest.Adapter, Version=10.0.0.0, Culture=neutral, PublicKeyToken=b03f5f7f11d50a3a" className="GildedRose.UnitTests.Strategies.Quality.QualityStrategyFactoryTests, GildedRose.UnitTests, Version=1.0.0.0, Culture=neutral, PublicKeyToken=null" name="GetStrategyReturnsSulfurasQualityStrategyForSulfuras" />
    </UnitTest>
    <UnitTest name="QualityOfAnItemIsNeverGreaterThanFifty" storage="c:\users\kwilliams\downloads\notmyself-gildedrose-v1.0-3-gccb50d0\notmyself-gildedrose-ccb50d0\src\gildedrose.unittests\bin\debug\gildedrose.unittests.dll" id="a03dd018-0c3a-2404-bcea-96a308115063">
      <Execution id="57822c12-9ef7-49cc-8a17-c8ab83692ad9" />
      <TestMethod codeBase="C:/Users/kwilliams/Downloads/NotMyself-GildedRose-v1.0-3-gccb50d0/NotMyself-GildedRose-ccb50d0/src/GildedRose.UnitTests/bin/Debug/GildedRose.UnitTests.DLL" adapterTypeName="Microsoft.VisualStudio.TestTools.TestTypes.Unit.UnitTestAdapter, Microsoft.VisualStudio.QualityTools.Tips.UnitTest.Adapter, Version=10.0.0.0, Culture=neutral, PublicKeyToken=b03f5f7f11d50a3a" className="GildedRose.UnitTests.GildedRoseProcessorTests, GildedRose.UnitTests, Version=1.0.0.0, Culture=neutral, PublicKeyToken=null" name="QualityOfAnItemIsNeverGreaterThanFifty" />
    </UnitTest>
    <UnitTest name="SellInForBackstagePassDecreasesByOne" storage="c:\users\kwilliams\downloads\notmyself-gildedrose-v1.0-3-gccb50d0\notmyself-gildedrose-ccb50d0\src\gildedrose.unittests\bin\debug\gildedrose.unittests.dll" id="bce909f7-89d6-f9a2-5398-ce34d52550d5">
      <Execution id="db5809bc-b768-41a5-a700-6530b30ca69b" />
      <TestMethod codeBase="C:/Users/kwilliams/Downloads/NotMyself-GildedRose-v1.0-3-gccb50d0/NotMyself-GildedRose-ccb50d0/src/GildedRose.UnitTests/bin/Debug/GildedRose.UnitTests.DLL" adapterTypeName="Microsoft.VisualStudio.TestTools.TestTypes.Unit.UnitTestAdapter, Microsoft.VisualStudio.QualityTools.Tips.UnitTest.Adapter, Version=10.0.0.0, Culture=neutral, PublicKeyToken=b03f5f7f11d50a3a" className="GildedRose.UnitTests.GildedRoseProcessorTests, GildedRose.UnitTests, Version=1.0.0.0, Culture=neutral, PublicKeyToken=null" name="SellInForBackstagePassDecreasesByOne" />
    </UnitTest>
    <UnitTest name="SulfurasNeverHasToBeSold" storage="c:\users\kwilliams\downloads\notmyself-gildedrose-v1.0-3-gccb50d0\notmyself-gildedrose-ccb50d0\src\gildedrose.unittests\bin\debug\gildedrose.unittests.dll" id="a37a26e5-3251-eae2-41ab-cfde8e82534c">
      <Execution id="e55527ac-68e2-4299-a642-121da6eb8d1b" />
      <TestMethod codeBase="C:/Users/kwilliams/Downloads/NotMyself-GildedRose-v1.0-3-gccb50d0/NotMyself-GildedRose-ccb50d0/src/GildedRose.UnitTests/bin/Debug/GildedRose.UnitTests.DLL" adapterTypeName="Microsoft.VisualStudio.TestTools.TestTypes.Unit.UnitTestAdapter, Microsoft.VisualStudio.QualityTools.Tips.UnitTest.Adapter, Version=10.0.0.0, Culture=neutral, PublicKeyToken=b03f5f7f11d50a3a" className="GildedRose.UnitTests.GildedRoseProcessorTests, GildedRose.UnitTests, Version=1.0.0.0, Culture=neutral, PublicKeyToken=null" name="SulfurasNeverHasToBeSold" />
    </UnitTest>
    <UnitTest name="SulfurasNeverDegrades" storage="c:\users\kwilliams\downloads\notmyself-gildedrose-v1.0-3-gccb50d0\notmyself-gildedrose-ccb50d0\src\gildedrose.unittests\bin\debug\gildedrose.unittests.dll" id="bc190aaf-2fb3-0b3d-4043-9372d7d4d5e1">
      <Execution id="47bd0b1c-396b-42aa-985d-38777c333dac" />
      <TestMethod codeBase="C:/Users/kwilliams/Downloads/NotMyself-GildedRose-v1.0-3-gccb50d0/NotMyself-GildedRose-ccb50d0/src/GildedRose.UnitTests/bin/Debug/GildedRose.UnitTests.DLL" adapterTypeName="Microsoft.VisualStudio.TestTools.TestTypes.Unit.UnitTestAdapter, Microsoft.VisualStudio.QualityTools.Tips.UnitTest.Adapter, Version=10.0.0.0, Culture=neutral, PublicKeyToken=b03f5f7f11d50a3a" className="GildedRose.UnitTests.GildedRoseProcessorTests, GildedRose.UnitTests, Version=1.0.0.0, Culture=neutral, PublicKeyToken=null" name="SulfurasNeverDegrades" />
    </UnitTest>
    <UnitTest name="QualityDecreasesByFourWhenSellInIsGreaterThanOrEqualToZero" storage="c:\users\kwilliams\downloads\notmyself-gildedrose-v1.0-3-gccb50d0\notmyself-gildedrose-ccb50d0\src\gildedrose.unittests\bin\debug\gildedrose.unittests.dll" id="1797065f-b5f7-1954-4ba4-80b83d3ece0e">
      <Execution id="2972b857-cc2a-4b7e-ab31-a7ae4be8e6a3" />
      <TestMethod codeBase="C:/Users/kwilliams/Downloads/NotMyself-GildedRose-v1.0-3-gccb50d0/NotMyself-GildedRose-ccb50d0/src/GildedRose.UnitTests/bin/Debug/GildedRose.UnitTests.DLL" adapterTypeName="Microsoft.VisualStudio.TestTools.TestTypes.Unit.UnitTestAdapter, Microsoft.VisualStudio.QualityTools.Tips.UnitTest.Adapter, Version=10.0.0.0, Culture=neutral, PublicKeyToken=b03f5f7f11d50a3a" className="GildedRose.UnitTests.Strategies.Quality.ConjuredQualityStrategyTests, GildedRose.UnitTests, Version=1.0.0.0, Culture=neutral, PublicKeyToken=null" name="QualityDecreasesByFourWhenSellInIsGreaterThanOrEqualToZero" />
    </UnitTest>
    <UnitTest name="GetStrategyReturnsNormalQualityStrategyForNormalItem" storage="c:\users\kwilliams\downloads\notmyself-gildedrose-v1.0-3-gccb50d0\notmyself-gildedrose-ccb50d0\src\gildedrose.unittests\bin\debug\gildedrose.unittests.dll" id="ce362a3c-9351-e23a-cb32-9b5c4a08f08b">
      <Execution id="7f56040c-4e1c-48dc-969d-1f2cf7cb2a9e" />
      <TestMethod codeBase="C:/Users/kwilliams/Downloads/NotMyself-GildedRose-v1.0-3-gccb50d0/NotMyself-GildedRose-ccb50d0/src/GildedRose.UnitTests/bin/Debug/GildedRose.UnitTests.DLL" adapterTypeName="Microsoft.VisualStudio.TestTools.TestTypes.Unit.UnitTestAdapter, Microsoft.VisualStudio.QualityTools.Tips.UnitTest.Adapter, Version=10.0.0.0, Culture=neutral, PublicKeyToken=b03f5f7f11d50a3a" className="GildedRose.UnitTests.Strategies.Quality.QualityStrategyFactoryTests, GildedRose.UnitTests, Version=1.0.0.0, Culture=neutral, PublicKeyToken=null" name="GetStrategyReturnsNormalQualityStrategyForNormalItem" />
    </UnitTest>
    <UnitTest name="QualityIncreasesByTwoWhenSellInIsWithinSixAndTenDays" storage="c:\users\kwilliams\downloads\notmyself-gildedrose-v1.0-3-gccb50d0\notmyself-gildedrose-ccb50d0\src\gildedrose.unittests\bin\debug\gildedrose.unittests.dll" id="9af36150-87df-0a4e-2159-e53c0d18c40b">
      <Execution id="9336bf76-62d7-4222-ace1-481723f3ad5c" />
      <TestMethod codeBase="C:/Users/kwilliams/Downloads/NotMyself-GildedRose-v1.0-3-gccb50d0/NotMyself-GildedRose-ccb50d0/src/GildedRose.UnitTests/bin/Debug/GildedRose.UnitTests.DLL" adapterTypeName="Microsoft.VisualStudio.TestTools.TestTypes.Unit.UnitTestAdapter, Microsoft.VisualStudio.QualityTools.Tips.UnitTest.Adapter, Version=10.0.0.0, Culture=neutral, PublicKeyToken=b03f5f7f11d50a3a" className="GildedRose.UnitTests.Strategies.Quality.BackstagePassQualityStrategyTests, GildedRose.UnitTests, Version=1.0.0.0, Culture=neutral, PublicKeyToken=null" name="QualityIncreasesByTwoWhenSellInIsWithinSixAndTenDays" />
    </UnitTest>
    <UnitTest name="GetStrategyReturnsNormalQualityStrategyForNormalItem" storage="c:\users\kwilliams\downloads\notmyself-gildedrose-v1.0-3-gccb50d0\notmyself-gildedrose-ccb50d0\src\gildedrose.unittests\bin\debug\gildedrose.unittests.dll" id="de54f744-57cc-2325-2576-47d34a9d1972">
      <Execution id="12c873d3-1159-417c-99c0-8ededb468dee" />
      <TestMethod codeBase="C:/Users/kwilliams/Downloads/NotMyself-GildedRose-v1.0-3-gccb50d0/NotMyself-GildedRose-ccb50d0/src/GildedRose.UnitTests/bin/Debug/GildedRose.UnitTests.DLL" adapterTypeName="Microsoft.VisualStudio.TestTools.TestTypes.Unit.UnitTestAdapter, Microsoft.VisualStudio.QualityTools.Tips.UnitTest.Adapter, Version=10.0.0.0, Culture=neutral, PublicKeyToken=b03f5f7f11d50a3a" className="GildedRose.UnitTests.Strategies.SellIn.SellInStrategyFactoryTests, GildedRose.UnitTests, Version=1.0.0.0, Culture=neutral, PublicKeyToken=null" name="GetStrategyReturnsNormalQualityStrategyForNormalItem" />
    </UnitTest>
    <UnitTest name="QualityDecreasesByTwoWhenSellInIsGreaterThanOrEqualToZero" storage="c:\users\kwilliams\downloads\notmyself-gildedrose-v1.0-3-gccb50d0\notmyself-gildedrose-ccb50d0\src\gildedrose.unittests\bin\debug\gildedrose.unittests.dll" id="a5be1cf3-35f4-88c7-cb0f-a627f44aa249">
      <Execution id="c077de75-ccde-407e-8be9-9901542b5a48" />
      <TestMethod codeBase="C:/Users/kwilliams/Downloads/NotMyself-GildedRose-v1.0-3-gccb50d0/NotMyself-GildedRose-ccb50d0/src/GildedRose.UnitTests/bin/Debug/GildedRose.UnitTests.DLL" adapterTypeName="Microsoft.VisualStudio.TestTools.TestTypes.Unit.UnitTestAdapter, Microsoft.VisualStudio.QualityTools.Tips.UnitTest.Adapter, Version=10.0.0.0, Culture=neutral, PublicKeyToken=b03f5f7f11d50a3a" className="GildedRose.UnitTests.Strategies.Quality.DefaultQualityStrategyTests, GildedRose.UnitTests, Version=1.0.0.0, Culture=neutral, PublicKeyToken=null" name="QualityDecreasesByTwoWhenSellInIsGreaterThanOrEqualToZero" />
    </UnitTest>
    <UnitTest name="DecreasesByOne" storage="c:\users\kwilliams\downloads\notmyself-gildedrose-v1.0-3-gccb50d0\notmyself-gildedrose-ccb50d0\src\gildedrose.unittests\bin\debug\gildedrose.unittests.dll" id="a20a59a4-41f3-589b-cc10-2bd4d544b017">
      <Execution id="4db8c844-89df-4b0b-a5e4-973f542e5885" />
      <TestMethod codeBase="C:/Users/kwilliams/Downloads/NotMyself-GildedRose-v1.0-3-gccb50d0/NotMyself-GildedRose-ccb50d0/src/GildedRose.UnitTests/bin/Debug/GildedRose.UnitTests.DLL" adapterTypeName="Microsoft.VisualStudio.TestTools.TestTypes.Unit.UnitTestAdapter, Microsoft.VisualStudio.QualityTools.Tips.UnitTest.Adapter, Version=10.0.0.0, Culture=neutral, PublicKeyToken=b03f5f7f11d50a3a" className="GildedRose.UnitTests.Strategies.SellIn.NormalSellInStrategyTests, GildedRose.UnitTests, Version=1.0.0.0, Culture=neutral, PublicKeyToken=null" name="DecreasesByOne" />
    </UnitTest>
    <UnitTest name="GetStrategyReturnsConjuredQualityStrategyForConjured" storage="c:\users\kwilliams\downloads\notmyself-gildedrose-v1.0-3-gccb50d0\notmyself-gildedrose-ccb50d0\src\gildedrose.unittests\bin\debug\gildedrose.unittests.dll" id="597979c6-db9a-b794-3d1d-6e36cc2dda54">
      <Execution id="2472e86a-30a0-46bb-9b81-738a1017d3f7" />
      <TestMethod codeBase="C:/Users/kwilliams/Downloads/NotMyself-GildedRose-v1.0-3-gccb50d0/NotMyself-GildedRose-ccb50d0/src/GildedRose.UnitTests/bin/Debug/GildedRose.UnitTests.DLL" adapterTypeName="Microsoft.VisualStudio.TestTools.TestTypes.Unit.UnitTestAdapter, Microsoft.VisualStudio.QualityTools.Tips.UnitTest.Adapter, Version=10.0.0.0, Culture=neutral, PublicKeyToken=b03f5f7f11d50a3a" className="GildedRose.UnitTests.Strategies.Quality.QualityStrategyFactoryTests, GildedRose.UnitTests, Version=1.0.0.0, Culture=neutral, PublicKeyToken=null" name="GetStrategyReturnsConjuredQualityStrategyForConjured" />
    </UnitTest>
    <UnitTest name="QualityDegradesTwiceAsFastForNormalItem" storage="c:\users\kwilliams\downloads\notmyself-gildedrose-v1.0-3-gccb50d0\notmyself-gildedrose-ccb50d0\src\gildedrose.unittests\bin\debug\gildedrose.unittests.dll" id="3c23dad3-d82b-d1ff-5694-cf71c311fc39">
      <Execution id="d1d880b0-9fee-49e1-b193-5d3026f477c9" />
      <TestMethod codeBase="C:/Users/kwilliams/Downloads/NotMyself-GildedRose-v1.0-3-gccb50d0/NotMyself-GildedRose-ccb50d0/src/GildedRose.UnitTests/bin/Debug/GildedRose.UnitTests.DLL" adapterTypeName="Microsoft.VisualStudio.TestTools.TestTypes.Unit.UnitTestAdapter, Microsoft.VisualStudio.QualityTools.Tips.UnitTest.Adapter, Version=10.0.0.0, Culture=neutral, PublicKeyToken=b03f5f7f11d50a3a" className="GildedRose.UnitTests.GildedRoseProcessorTests, GildedRose.UnitTests, Version=1.0.0.0, Culture=neutral, PublicKeyToken=null" name="QualityDegradesTwiceAsFastForNormalItem" />
    </UnitTest>
    <UnitTest name="GetStrategyReturnsAgedBrieQualityStrategyForAgedBrie" storage="c:\users\kwilliams\downloads\notmyself-gildedrose-v1.0-3-gccb50d0\notmyself-gildedrose-ccb50d0\src\gildedrose.unittests\bin\debug\gildedrose.unittests.dll" id="7dc6d7d8-a011-80d7-b0ff-008307dbadc0">
      <Execution id="3a2a5ae2-4c03-459d-924f-c4b41f4b5413" />
      <TestMethod codeBase="C:/Users/kwilliams/Downloads/NotMyself-GildedRose-v1.0-3-gccb50d0/NotMyself-GildedRose-ccb50d0/src/GildedRose.UnitTests/bin/Debug/GildedRose.UnitTests.DLL" adapterTypeName="Microsoft.VisualStudio.TestTools.TestTypes.Unit.UnitTestAdapter, Microsoft.VisualStudio.QualityTools.Tips.UnitTest.Adapter, Version=10.0.0.0, Culture=neutral, PublicKeyToken=b03f5f7f11d50a3a" className="GildedRose.UnitTests.Strategies.SellIn.SellInStrategyFactoryTests, GildedRose.UnitTests, Version=1.0.0.0, Culture=neutral, PublicKeyToken=null" name="GetStrategyReturnsAgedBrieQualityStrategyForAgedBrie" />
    </UnitTest>
    <UnitTest name="BackstagePassQualityIncreasesByThreeWhenSellInReachesBetweenFiveAndZeroDays" storage="c:\users\kwilliams\downloads\notmyself-gildedrose-v1.0-3-gccb50d0\notmyself-gildedrose-ccb50d0\src\gildedrose.unittests\bin\debug\gildedrose.unittests.dll" id="076ecee5-7462-3c4f-2031-a8102b178220">
      <Execution id="2140f81a-dadc-4ffa-86f2-753a499c0db4" />
      <TestMethod codeBase="C:/Users/kwilliams/Downloads/NotMyself-GildedRose-v1.0-3-gccb50d0/NotMyself-GildedRose-ccb50d0/src/GildedRose.UnitTests/bin/Debug/GildedRose.UnitTests.DLL" adapterTypeName="Microsoft.VisualStudio.TestTools.TestTypes.Unit.UnitTestAdapter, Microsoft.VisualStudio.QualityTools.Tips.UnitTest.Adapter, Version=10.0.0.0, Culture=neutral, PublicKeyToken=b03f5f7f11d50a3a" className="GildedRose.UnitTests.GildedRoseProcessorTests, GildedRose.UnitTests, Version=1.0.0.0, Culture=neutral, PublicKeyToken=null" name="BackstagePassQualityIncreasesByThreeWhenSellInReachesBetweenFiveAndZeroDays" />
    </UnitTest>
    <UnitTest name="QualityOfAnItemIsNeverNegative" storage="c:\users\kwilliams\downloads\notmyself-gildedrose-v1.0-3-gccb50d0\notmyself-gildedrose-ccb50d0\src\gildedrose.unittests\bin\debug\gildedrose.unittests.dll" id="0f1ea7f8-5373-5988-4b75-070480550a7a">
      <Execution id="efc4a6ff-76a3-4fae-9d78-c5c94682f2ff" />
      <TestMethod codeBase="C:/Users/kwilliams/Downloads/NotMyself-GildedRose-v1.0-3-gccb50d0/NotMyself-GildedRose-ccb50d0/src/GildedRose.UnitTests/bin/Debug/GildedRose.UnitTests.DLL" adapterTypeName="Microsoft.VisualStudio.TestTools.TestTypes.Unit.UnitTestAdapter, Microsoft.VisualStudio.QualityTools.Tips.UnitTest.Adapter, Version=10.0.0.0, Culture=neutral, PublicKeyToken=b03f5f7f11d50a3a" className="GildedRose.UnitTests.GildedRoseProcessorTests, GildedRose.UnitTests, Version=1.0.0.0, Culture=neutral, PublicKeyToken=null" name="QualityOfAnItemIsNeverNegative" />
    </UnitTest>
  </TestDefinitions>
  <TestLists>
    <TestList name="Results Not in a List" id="8c84fa94-04c1-424b-9868-57a2d4851a1d" />
    <TestList name="All Loaded Results" id="19431567-8539-422a-85d7-44ee4e166bda" />
  </TestLists>
  <TestEntries>
    <TestEntry testId="029b7842-0b0f-715b-7a9c-149bdd2e4876" executionId="a5aa8d85-56eb-40e9-a2d7-fec29de05d40" testListId="8c84fa94-04c1-424b-9868-57a2d4851a1d" />
    <TestEntry testId="076ecee5-7462-3c4f-2031-a8102b178220" executionId="2140f81a-dadc-4ffa-86f2-753a499c0db4" testListId="8c84fa94-04c1-424b-9868-57a2d4851a1d" />
    <TestEntry testId="077f72ca-aa67-5eb5-83e8-c54bec8e49e1" executionId="cf4c8aae-2de3-47bf-9e45-e31b142eb038" testListId="8c84fa94-04c1-424b-9868-57a2d4851a1d" />
    <TestEntry testId="0f1ea7f8-5373-5988-4b75-070480550a7a" executionId="efc4a6ff-76a3-4fae-9d78-c5c94682f2ff" testListId="8c84fa94-04c1-424b-9868-57a2d4851a1d" />
    <TestEntry testId="123bb257-3032-3f4f-ef39-48d1e6e4bb3a" executionId="ff637fe7-e687-4f9b-970a-33956d8d928e" testListId="8c84fa94-04c1-424b-9868-57a2d4851a1d" />
    <TestEntry testId="1797065f-b5f7-1954-4ba4-80b83d3ece0e" executionId="2972b857-cc2a-4b7e-ab31-a7ae4be8e6a3" testListId="8c84fa94-04c1-424b-9868-57a2d4851a1d" />
    <TestEntry testId="23e7d37e-66a2-3cbb-92a7-931caccc3af7" executionId="a58d2749-f1da-4b4f-857a-4e475c31a358" testListId="8c84fa94-04c1-424b-9868-57a2d4851a1d" />
    <TestEntry testId="2c3af66c-872d-29ec-d9d5-610aa9ac5010" executionId="05b7292d-cba2-421a-9df7-66fde7af9c3d" testListId="8c84fa94-04c1-424b-9868-57a2d4851a1d" />
    <TestEntry testId="36e68923-5b7c-2f07-f4ce-e1d790c3629c" executionId="f1582f63-9783-44cf-9caa-b517efc3bd65" testListId="8c84fa94-04c1-424b-9868-57a2d4851a1d" />
    <TestEntry testId="3c23dad3-d82b-d1ff-5694-cf71c311fc39" executionId="d1d880b0-9fee-49e1-b193-5d3026f477c9" testListId="8c84fa94-04c1-424b-9868-57a2d4851a1d" />
    <TestEntry testId="4101c203-508c-fdae-7a80-4eb5c134b17c" executionId="cc3b7b39-9dc3-4923-999e-a5536e0a3735" testListId="8c84fa94-04c1-424b-9868-57a2d4851a1d" />
    <TestEntry testId="4b68dd3f-1fec-2ad9-0153-971ebb6fd601" executionId="12a70572-b336-4cf1-ae45-1f4209b96c0f" testListId="8c84fa94-04c1-424b-9868-57a2d4851a1d" />
    <TestEntry testId="597979c6-db9a-b794-3d1d-6e36cc2dda54" executionId="2472e86a-30a0-46bb-9b81-738a1017d3f7" testListId="8c84fa94-04c1-424b-9868-57a2d4851a1d" />
    <TestEntry testId="6f34fb8c-d619-23b1-a2b3-dde4c73ea402" executionId="936810aa-3f8a-4c85-be05-d21baa227fe9" testListId="8c84fa94-04c1-424b-9868-57a2d4851a1d" />
    <TestEntry testId="7dc6d7d8-a011-80d7-b0ff-008307dbadc0" executionId="3a2a5ae2-4c03-459d-924f-c4b41f4b5413" testListId="8c84fa94-04c1-424b-9868-57a2d4851a1d" />
    <TestEntry testId="82110a26-b684-2691-3066-06093ea9fcce" executionId="58c7799c-2489-4a1a-82a9-d9026acb3808" testListId="8c84fa94-04c1-424b-9868-57a2d4851a1d" />
    <TestEntry testId="84dffe5e-ab0e-0858-1ab2-035e8b0950d9" executionId="ae46818c-bc46-4918-9be2-bd388b4db0f9" testListId="8c84fa94-04c1-424b-9868-57a2d4851a1d" />
    <TestEntry testId="8c5f07e9-21bb-6cf1-26e3-f9824b699a49" executionId="53876e85-bf18-48a1-bd81-ffba3fbff5c0" testListId="8c84fa94-04c1-424b-9868-57a2d4851a1d" />
    <TestEntry testId="91659e9d-b956-f36a-a54e-9014b8c300dc" executionId="776cf51d-f15d-4a3f-acd6-ea2322b809b9" testListId="8c84fa94-04c1-424b-9868-57a2d4851a1d" />
    <TestEntry testId="9af36150-87df-0a4e-2159-e53c0d18c40b" executionId="9336bf76-62d7-4222-ace1-481723f3ad5c" testListId="8c84fa94-04c1-424b-9868-57a2d4851a1d" />
    <TestEntry testId="a03dd018-0c3a-2404-bcea-96a308115063" executionId="57822c12-9ef7-49cc-8a17-c8ab83692ad9" testListId="8c84fa94-04c1-424b-9868-57a2d4851a1d" />
    <TestEntry testId="a20a59a4-41f3-589b-cc10-2bd4d544b017" executionId="4db8c844-89df-4b0b-a5e4-973f542e5885" testListId="8c84fa94-04c1-424b-9868-57a2d4851a1d" />
    <TestEntry testId="a37a26e5-3251-eae2-41ab-cfde8e82534c" executionId="e55527ac-68e2-4299-a642-121da6eb8d1b" testListId="8c84fa94-04c1-424b-9868-57a2d4851a1d" />
    <TestEntry testId="a5be1cf3-35f4-88c7-cb0f-a627f44aa249" executionId="c077de75-ccde-407e-8be9-9901542b5a48" testListId="8c84fa94-04c1-424b-9868-57a2d4851a1d" />
    <TestEntry testId="bc190aaf-2fb3-0b3d-4043-9372d7d4d5e1" executionId="47bd0b1c-396b-42aa-985d-38777c333dac" testListId="8c84fa94-04c1-424b-9868-57a2d4851a1d" />
    <TestEntry testId="bce909f7-89d6-f9a2-5398-ce34d52550d5" executionId="db5809bc-b768-41a5-a700-6530b30ca69b" testListId="8c84fa94-04c1-424b-9868-57a2d4851a1d" />
    <TestEntry testId="ca2989b2-7ee6-b36e-f08f-8f4a3814fa57" executionId="bde58fca-8481-4c36-ac41-c93248d2eac4" testListId="8c84fa94-04c1-424b-9868-57a2d4851a1d" />
    <TestEntry testId="ccd557cb-8d5e-3d46-06e4-fe4b0bc2858f" executionId="1ac93d9c-e4ae-4e8b-90b8-5452a8611117" testListId="8c84fa94-04c1-424b-9868-57a2d4851a1d" />
    <TestEntry testId="ce362a3c-9351-e23a-cb32-9b5c4a08f08b" executionId="7f56040c-4e1c-48dc-969d-1f2cf7cb2a9e" testListId="8c84fa94-04c1-424b-9868-57a2d4851a1d" />
    <TestEntry testId="d5a6fe62-38b5-5778-33fd-d645e0bf73a8" executionId="07a56bff-2edd-4b4d-9b27-1aba30043b83" testListId="8c84fa94-04c1-424b-9868-57a2d4851a1d" />
    <TestEntry testId="d5d591b6-668c-08dc-e4f6-88caa3242d92" executionId="951b3c5b-b386-48fc-82db-8f665682e2d7" testListId="8c84fa94-04c1-424b-9868-57a2d4851a1d" />
    <TestEntry testId="de54f744-57cc-2325-2576-47d34a9d1972" executionId="12c873d3-1159-417c-99c0-8ededb468dee" testListId="8c84fa94-04c1-424b-9868-57a2d4851a1d" />
    <TestEntry testId="e294a53a-8e48-f045-9dcf-c925acdd4191" executionId="478f12c9-1290-4a39-be4a-1f0cb6be7db2" testListId="8c84fa94-04c1-424b-9868-57a2d4851a1d" />
    <TestEntry testId="e9f7a96e-540e-33c6-dbe4-02974f47e82a" executionId="c00295f2-301f-427c-9b26-8837b1b7bb00" testListId="8c84fa94-04c1-424b-9868-57a2d4851a1d" />
    <TestEntry testId="f835aa2c-fcac-adc6-42e6-7298b1ae58dc" executionId="f448f443-b491-45c0-ae0d-52fd611600b9" testListId="8c84fa94-04c1-424b-9868-57a2d4851a1d" />
    <TestEntry testId="f917dd1b-9ac7-0f85-3d24-2af61a929d22" executionId="30252f5f-436c-4fff-ab8e-478e9d865d23" testListId="8c84fa94-04c1-424b-9868-57a2d4851a1d" />
    <TestEntry testId="fd710335-74a2-9199-7500-1eedb55c28d9" executionId="0f2c5d92-b2f4-48ca-a269-cdd0f35281db" testListId="8c84fa94-04c1-424b-9868-57a2d4851a1d" />
  </TestEntries>
  <Results>
    <UnitTestResult executionId="a5aa8d85-56eb-40e9-a2d7-fec29de05d40" testId="029b7842-0b0f-715b-7a9c-149bdd2e4876" testName="QualityDoesNotGoAboveFiftyWhenSellInIsWithinSixAndTenDays" computerName="WS-KWILLIAMS" duration="00:00:00.0141467" startTime="2012-10-11T12:57:56.0289283-04:00" endTime="2012-10-11T12:57:56.2161355-04:00" testType="13cdc9d9-ddb5-4fa4-a97d-d965ccfc6d4b" outcome="Passed" testListId="8c84fa94-04c1-424b-9868-57a2d4851a1d" relativeResultsDirectory="a5aa8d85-56eb-40e9-a2d7-fec29de05d40">
    </UnitTestResult>
    <UnitTestResult executionId="2140f81a-dadc-4ffa-86f2-753a499c0db4" testId="076ecee5-7462-3c4f-2031-a8102b178220" testName="BackstagePassQualityIncreasesByThreeWhenSellInReachesBetweenFiveAndZeroDays" computerName="WS-KWILLIAMS" duration="00:00:00.0017629" startTime="2012-10-11T12:57:56.2161355-04:00" endTime="2012-10-11T12:57:56.2161355-04:00" testType="13cdc9d9-ddb5-4fa4-a97d-d965ccfc6d4b" outcome="Passed" testListId="8c84fa94-04c1-424b-9868-57a2d4851a1d" relativeResultsDirectory="2140f81a-dadc-4ffa-86f2-753a499c0db4">
    </UnitTestResult>
    <UnitTestResult executionId="cf4c8aae-2de3-47bf-9e45-e31b142eb038" testId="077f72ca-aa67-5eb5-83e8-c54bec8e49e1" testName="DoesNotChange" computerName="WS-KWILLIAMS" duration="00:00:00.0003572" startTime="2012-10-11T12:57:56.2161355-04:00" endTime="2012-10-11T12:57:56.2161355-04:00" testType="13cdc9d9-ddb5-4fa4-a97d-d965ccfc6d4b" outcome="Passed" testListId="8c84fa94-04c1-424b-9868-57a2d4851a1d" relativeResultsDirectory="cf4c8aae-2de3-47bf-9e45-e31b142eb038">
    </UnitTestResult>
    <UnitTestResult executionId="efc4a6ff-76a3-4fae-9d78-c5c94682f2ff" testId="0f1ea7f8-5373-5988-4b75-070480550a7a" testName="QualityOfAnItemIsNeverNegative" computerName="WS-KWILLIAMS" duration="00:00:00.0002717" startTime="2012-10-11T12:57:56.2317361-04:00" endTime="2012-10-11T12:57:56.2317361-04:00" testType="13cdc9d9-ddb5-4fa4-a97d-d965ccfc6d4b" outcome="Passed" testListId="8c84fa94-04c1-424b-9868-57a2d4851a1d" relativeResultsDirectory="efc4a6ff-76a3-4fae-9d78-c5c94682f2ff">
    </UnitTestResult>
    <UnitTestResult executionId="ff637fe7-e687-4f9b-970a-33956d8d928e" testId="123bb257-3032-3f4f-ef39-48d1e6e4bb3a" testName="SellInForConjuredDecreasesByOne" computerName="WS-KWILLIAMS" duration="00:00:00.0002809" startTime="2012-10-11T12:57:56.2317361-04:00" endTime="2012-10-11T12:57:56.2317361-04:00" testType="13cdc9d9-ddb5-4fa4-a97d-d965ccfc6d4b" outcome="Passed" testListId="8c84fa94-04c1-424b-9868-57a2d4851a1d" relativeResultsDirectory="ff637fe7-e687-4f9b-970a-33956d8d928e">
    </UnitTestResult>
    <UnitTestResult executionId="2972b857-cc2a-4b7e-ab31-a7ae4be8e6a3" testId="1797065f-b5f7-1954-4ba4-80b83d3ece0e" testName="QualityDecreasesByFourWhenSellInIsGreaterThanOrEqualToZero" computerName="WS-KWILLIAMS" duration="00:00:00.0004191" startTime="2012-10-11T12:57:56.2317361-04:00" endTime="2012-10-11T12:57:56.2317361-04:00" testType="13cdc9d9-ddb5-4fa4-a97d-d965ccfc6d4b" outcome="Passed" testListId="8c84fa94-04c1-424b-9868-57a2d4851a1d" relativeResultsDirectory="2972b857-cc2a-4b7e-ab31-a7ae4be8e6a3">
    </UnitTestResult>
    <UnitTestResult executionId="a58d2749-f1da-4b4f-857a-4e475c31a358" testId="23e7d37e-66a2-3cbb-92a7-931caccc3af7" testName="QualityDoesNotChange" computerName="WS-KWILLIAMS" duration="00:00:00.0003560" startTime="2012-10-11T12:57:56.2473367-04:00" endTime="2012-10-11T12:57:56.2473367-04:00" testType="13cdc9d9-ddb5-4fa4-a97d-d965ccfc6d4b" outcome="Passed" testListId="8c84fa94-04c1-424b-9868-57a2d4851a1d" relativeResultsDirectory="a58d2749-f1da-4b4f-857a-4e475c31a358">
    </UnitTestResult>
    <UnitTestResult executionId="05b7292d-cba2-421a-9df7-66fde7af9c3d" testId="2c3af66c-872d-29ec-d9d5-610aa9ac5010" testName="QualityDecreasesByTwoWhenSellInIsGreaterThanOrEqualToZero" computerName="WS-KWILLIAMS" duration="00:00:00.0001789" startTime="2012-10-11T12:57:56.2473367-04:00" endTime="2012-10-11T12:57:56.2473367-04:00" testType="13cdc9d9-ddb5-4fa4-a97d-d965ccfc6d4b" outcome="Passed" testListId="8c84fa94-04c1-424b-9868-57a2d4851a1d" relativeResultsDirectory="05b7292d-cba2-421a-9df7-66fde7af9c3d">
    </UnitTestResult>
    <UnitTestResult executionId="f1582f63-9783-44cf-9caa-b517efc3bd65" testId="36e68923-5b7c-2f07-f4ce-e1d790c3629c" testName="GetStrategyReturnsBackStagePassQualityStrategyForBackstagePass" computerName="WS-KWILLIAMS" duration="00:00:00.0002467" startTime="2012-10-11T12:57:56.2473367-04:00" endTime="2012-10-11T12:57:56.2473367-04:00" testType="13cdc9d9-ddb5-4fa4-a97d-d965ccfc6d4b" outcome="Passed" testListId="8c84fa94-04c1-424b-9868-57a2d4851a1d" relativeResultsDirectory="f1582f63-9783-44cf-9caa-b517efc3bd65">
    </UnitTestResult>
    <UnitTestResult executionId="d1d880b0-9fee-49e1-b193-5d3026f477c9" testId="3c23dad3-d82b-d1ff-5694-cf71c311fc39" testName="QualityDegradesTwiceAsFastForNormalItem" computerName="WS-KWILLIAMS" duration="00:00:00.0003776" startTime="2012-10-11T12:57:56.2473367-04:00" endTime="2012-10-11T12:57:56.2629373-04:00" testType="13cdc9d9-ddb5-4fa4-a97d-d965ccfc6d4b" outcome="Passed" testListId="8c84fa94-04c1-424b-9868-57a2d4851a1d" relativeResultsDirectory="d1d880b0-9fee-49e1-b193-5d3026f477c9">
    </UnitTestResult>
    <UnitTestResult executionId="cc3b7b39-9dc3-4923-999e-a5536e0a3735" testId="4101c203-508c-fdae-7a80-4eb5c134b17c" testName="QualityIncreasesByOne" computerName="WS-KWILLIAMS" duration="00:00:00.0003910" startTime="2012-10-11T12:57:56.2629373-04:00" endTime="2012-10-11T12:57:56.2629373-04:00" testType="13cdc9d9-ddb5-4fa4-a97d-d965ccfc6d4b" outcome="Passed" testListId="8c84fa94-04c1-424b-9868-57a2d4851a1d" relativeResultsDirectory="cc3b7b39-9dc3-4923-999e-a5536e0a3735">
    </UnitTestResult>
    <UnitTestResult executionId="12a70572-b336-4cf1-ae45-1f4209b96c0f" testId="4b68dd3f-1fec-2ad9-0153-971ebb6fd601" testName="QualityIncreasesForAgedBrie" computerName="WS-KWILLIAMS" duration="00:00:00.0002143" startTime="2012-10-11T12:57:56.2629373-04:00" endTime="2012-10-11T12:57:56.2629373-04:00" testType="13cdc9d9-ddb5-4fa4-a97d-d965ccfc6d4b" outcome="Passed" testListId="8c84fa94-04c1-424b-9868-57a2d4851a1d" relativeResultsDirectory="12a70572-b336-4cf1-ae45-1f4209b96c0f">
    </UnitTestResult>
    <UnitTestResult executionId="2472e86a-30a0-46bb-9b81-738a1017d3f7" testId="597979c6-db9a-b794-3d1d-6e36cc2dda54" testName="GetStrategyReturnsConjuredQualityStrategyForConjured" computerName="WS-KWILLIAMS" duration="00:00:00.0001678" startTime="2012-10-11T12:57:56.2629373-04:00" endTime="2012-10-11T12:57:56.2629373-04:00" testType="13cdc9d9-ddb5-4fa4-a97d-d965ccfc6d4b" outcome="Passed" testListId="8c84fa94-04c1-424b-9868-57a2d4851a1d" relativeResultsDirectory="2472e86a-30a0-46bb-9b81-738a1017d3f7">
    </UnitTestResult>
    <UnitTestResult executionId="936810aa-3f8a-4c85-be05-d21baa227fe9" testId="6f34fb8c-d619-23b1-a2b3-dde4c73ea402" testName="BackstagePassQualityDropsToZeroAfterTheConcert" computerName="WS-KWILLIAMS" duration="00:00:00.0002286" startTime="2012-10-11T12:57:56.2629373-04:00" endTime="2012-10-11T12:57:56.2629373-04:00" testType="13cdc9d9-ddb5-4fa4-a97d-d965ccfc6d4b" outcome="Passed" testListId="8c84fa94-04c1-424b-9868-57a2d4851a1d" relativeResultsDirectory="936810aa-3f8a-4c85-be05-d21baa227fe9">
    </UnitTestResult>
    <UnitTestResult executionId="3a2a5ae2-4c03-459d-924f-c4b41f4b5413" testId="7dc6d7d8-a011-80d7-b0ff-008307dbadc0" testName="GetStrategyReturnsAgedBrieQualityStrategyForAgedBrie" computerName="WS-KWILLIAMS" duration="00:00:00.0002948" startTime="2012-10-11T12:57:56.2785379-04:00" endTime="2012-10-11T12:57:56.2785379-04:00" testType="13cdc9d9-ddb5-4fa4-a97d-d965ccfc6d4b" outcome="Passed" testListId="8c84fa94-04c1-424b-9868-57a2d4851a1d" relativeResultsDirectory="3a2a5ae2-4c03-459d-924f-c4b41f4b5413">
    </UnitTestResult>
    <UnitTestResult executionId="58c7799c-2489-4a1a-82a9-d9026acb3808" testId="82110a26-b684-2691-3066-06093ea9fcce" testName="QualityDoesNotGoAboveFiftyWhenSellInIsWithinZeroAndFiveDays" computerName="WS-KWILLIAMS" duration="00:00:00.0002086" startTime="2012-10-11T12:57:56.2785379-04:00" endTime="2012-10-11T12:57:56.2785379-04:00" testType="13cdc9d9-ddb5-4fa4-a97d-d965ccfc6d4b" outcome="Passed" testListId="8c84fa94-04c1-424b-9868-57a2d4851a1d" relativeResultsDirectory="58c7799c-2489-4a1a-82a9-d9026acb3808">
    </UnitTestResult>
    <UnitTestResult executionId="ae46818c-bc46-4918-9be2-bd388b4db0f9" testId="84dffe5e-ab0e-0858-1ab2-035e8b0950d9" testName="QualityIncreasesByOneWhenSellInIsGreaterThanTenDays" computerName="WS-KWILLIAMS" duration="00:00:00.0001786" startTime="2012-10-11T12:57:56.2785379-04:00" endTime="2012-10-11T12:57:56.2785379-04:00" testType="13cdc9d9-ddb5-4fa4-a97d-d965ccfc6d4b" outcome="Passed" testListId="8c84fa94-04c1-424b-9868-57a2d4851a1d" relativeResultsDirectory="ae46818c-bc46-4918-9be2-bd388b4db0f9">
    </UnitTestResult>
    <UnitTestResult executionId="53876e85-bf18-48a1-bd81-ffba3fbff5c0" testId="8c5f07e9-21bb-6cf1-26e3-f9824b699a49" testName="GetStrategyReturnsSulfurasQualityStrategyForSulfuras" computerName="WS-KWILLIAMS" duration="00:00:00.0001712" startTime="2012-10-11T12:57:56.2785379-04:00" endTime="2012-10-11T12:57:56.2941385-04:00" testType="13cdc9d9-ddb5-4fa4-a97d-d965ccfc6d4b" outcome="Passed" testListId="8c84fa94-04c1-424b-9868-57a2d4851a1d" relativeResultsDirectory="53876e85-bf18-48a1-bd81-ffba3fbff5c0">
    </UnitTestResult>
    <UnitTestResult executionId="776cf51d-f15d-4a3f-acd6-ea2322b809b9" testId="91659e9d-b956-f36a-a54e-9014b8c300dc" testName="QualityDecreasesByOneWhenSellInIsGreaterThanOrEqualToZero" computerName="WS-KWILLIAMS" duration="00:00:00.0002513" startTime="2012-10-11T12:57:56.2941385-04:00" endTime="2012-10-11T12:57:56.2941385-04:00" testType="13cdc9d9-ddb5-4fa4-a97d-d965ccfc6d4b" outcome="Passed" testListId="8c84fa94-04c1-424b-9868-57a2d4851a1d" relativeResultsDirectory="776cf51d-f15d-4a3f-acd6-ea2322b809b9">
    </UnitTestResult>
    <UnitTestResult executionId="9336bf76-62d7-4222-ace1-481723f3ad5c" testId="9af36150-87df-0a4e-2159-e53c0d18c40b" testName="QualityIncreasesByTwoWhenSellInIsWithinSixAndTenDays" computerName="WS-KWILLIAMS" duration="00:00:00.0001828" startTime="2012-10-11T12:57:56.2941385-04:00" endTime="2012-10-11T12:57:56.2941385-04:00" testType="13cdc9d9-ddb5-4fa4-a97d-d965ccfc6d4b" outcome="Passed" testListId="8c84fa94-04c1-424b-9868-57a2d4851a1d" relativeResultsDirectory="9336bf76-62d7-4222-ace1-481723f3ad5c">
    </UnitTestResult>
    <UnitTestResult executionId="57822c12-9ef7-49cc-8a17-c8ab83692ad9" testId="a03dd018-0c3a-2404-bcea-96a308115063" testName="QualityOfAnItemIsNeverGreaterThanFifty" computerName="WS-KWILLIAMS" duration="00:00:00.0002448" startTime="2012-10-11T12:57:56.2941385-04:00" endTime="2012-10-11T12:57:56.2941385-04:00" testType="13cdc9d9-ddb5-4fa4-a97d-d965ccfc6d4b" outcome="Passed" testListId="8c84fa94-04c1-424b-9868-57a2d4851a1d" relativeResultsDirectory="57822c12-9ef7-49cc-8a17-c8ab83692ad9">
    </UnitTestResult>
    <UnitTestResult executionId="4db8c844-89df-4b0b-a5e4-973f542e5885" testId="a20a59a4-41f3-589b-cc10-2bd4d544b017" testName="DecreasesByOne" computerName="WS-KWILLIAMS" duration="00:00:00.0002309" startTime="2012-10-11T12:57:56.2941385-04:00" endTime="2012-10-11T12:57:56.3097391-04:00" testType="13cdc9d9-ddb5-4fa4-a97d-d965ccfc6d4b" outcome="Passed" testListId="8c84fa94-04c1-424b-9868-57a2d4851a1d" relativeResultsDirectory="4db8c844-89df-4b0b-a5e4-973f542e5885">
    </UnitTestResult>
    <UnitTestResult executionId="e55527ac-68e2-4299-a642-121da6eb8d1b" testId="a37a26e5-3251-eae2-41ab-cfde8e82534c" testName="SulfurasNeverHasToBeSold" computerName="WS-KWILLIAMS" duration="00:00:00.0002182" startTime="2012-10-11T12:57:56.3097391-04:00" endTime="2012-10-11T12:57:56.3097391-04:00" testType="13cdc9d9-ddb5-4fa4-a97d-d965ccfc6d4b" outcome="Passed" testListId="8c84fa94-04c1-424b-9868-57a2d4851a1d" relativeResultsDirectory="e55527ac-68e2-4299-a642-121da6eb8d1b">
    </UnitTestResult>
    <UnitTestResult executionId="c077de75-ccde-407e-8be9-9901542b5a48" testId="a5be1cf3-35f4-88c7-cb0f-a627f44aa249" testName="QualityDecreasesByTwoWhenSellInIsGreaterThanOrEqualToZero" computerName="WS-KWILLIAMS" duration="00:00:00.0001886" startTime="2012-10-11T12:57:56.3097391-04:00" endTime="2012-10-11T12:57:56.3097391-04:00" testType="13cdc9d9-ddb5-4fa4-a97d-d965ccfc6d4b" outcome="Passed" testListId="8c84fa94-04c1-424b-9868-57a2d4851a1d" relativeResultsDirectory="c077de75-ccde-407e-8be9-9901542b5a48">
    </UnitTestResult>
    <UnitTestResult executionId="47bd0b1c-396b-42aa-985d-38777c333dac" testId="bc190aaf-2fb3-0b3d-4043-9372d7d4d5e1" testName="SulfurasNeverDegrades" computerName="WS-KWILLIAMS" duration="00:00:00.0002032" startTime="2012-10-11T12:57:56.3097391-04:00" endTime="2012-10-11T12:57:56.3097391-04:00" testType="13cdc9d9-ddb5-4fa4-a97d-d965ccfc6d4b" outcome="Passed" testListId="8c84fa94-04c1-424b-9868-57a2d4851a1d" relativeResultsDirectory="47bd0b1c-396b-42aa-985d-38777c333dac">
    </UnitTestResult>
    <UnitTestResult executionId="db5809bc-b768-41a5-a700-6530b30ca69b" testId="bce909f7-89d6-f9a2-5398-ce34d52550d5" testName="SellInForBackstagePassDecreasesByOne" computerName="WS-KWILLIAMS" duration="00:00:00.0002024" startTime="2012-10-11T12:57:56.3097391-04:00" endTime="2012-10-11T12:57:56.3097391-04:00" testType="13cdc9d9-ddb5-4fa4-a97d-d965ccfc6d4b" outcome="Passed" testListId="8c84fa94-04c1-424b-9868-57a2d4851a1d" relativeResultsDirectory="db5809bc-b768-41a5-a700-6530b30ca69b">
    </UnitTestResult>
    <UnitTestResult executionId="bde58fca-8481-4c36-ac41-c93248d2eac4" testId="ca2989b2-7ee6-b36e-f08f-8f4a3814fa57" testName="SellInForAgedBrieDecreasesByOne" computerName="WS-KWILLIAMS" duration="00:00:00.0002082" startTime="2012-10-11T12:57:56.3253397-04:00" endTime="2012-10-11T12:57:56.3253397-04:00" testType="13cdc9d9-ddb5-4fa4-a97d-d965ccfc6d4b" outcome="Passed" testListId="8c84fa94-04c1-424b-9868-57a2d4851a1d" relativeResultsDirectory="bde58fca-8481-4c36-ac41-c93248d2eac4">
    </UnitTestResult>
    <UnitTestResult executionId="1ac93d9c-e4ae-4e8b-90b8-5452a8611117" testId="ccd557cb-8d5e-3d46-06e4-fe4b0bc2858f" testName="SellInForNormalItemDecreasesByOne" computerName="WS-KWILLIAMS" duration="00:00:00.0002040" startTime="2012-10-11T12:57:56.3253397-04:00" endTime="2012-10-11T12:57:56.3253397-04:00" testType="13cdc9d9-ddb5-4fa4-a97d-d965ccfc6d4b" outcome="Passed" testListId="8c84fa94-04c1-424b-9868-57a2d4851a1d" relativeResultsDirectory="1ac93d9c-e4ae-4e8b-90b8-5452a8611117">
    </UnitTestResult>
    <UnitTestResult executionId="7f56040c-4e1c-48dc-969d-1f2cf7cb2a9e" testId="ce362a3c-9351-e23a-cb32-9b5c4a08f08b" testName="GetStrategyReturnsNormalQualityStrategyForNormalItem" computerName="WS-KWILLIAMS" duration="00:00:00.0001412" startTime="2012-10-11T12:57:56.3253397-04:00" endTime="2012-10-11T12:57:56.3253397-04:00" testType="13cdc9d9-ddb5-4fa4-a97d-d965ccfc6d4b" outcome="Passed" testListId="8c84fa94-04c1-424b-9868-57a2d4851a1d" relativeResultsDirectory="7f56040c-4e1c-48dc-969d-1f2cf7cb2a9e">
    </UnitTestResult>
    <UnitTestResult executionId="07a56bff-2edd-4b4d-9b27-1aba30043b83" testId="d5a6fe62-38b5-5778-33fd-d645e0bf73a8" testName="QualityDoesNotGoAboveFifty" computerName="WS-KWILLIAMS" duration="00:00:00.0001489" startTime="2012-10-11T12:57:56.3253397-04:00" endTime="2012-10-11T12:57:56.3253397-04:00" testType="13cdc9d9-ddb5-4fa4-a97d-d965ccfc6d4b" outcome="Passed" testListId="8c84fa94-04c1-424b-9868-57a2d4851a1d" relativeResultsDirectory="07a56bff-2edd-4b4d-9b27-1aba30043b83">
    </UnitTestResult>
    <UnitTestResult executionId="951b3c5b-b386-48fc-82db-8f665682e2d7" testId="d5d591b6-668c-08dc-e4f6-88caa3242d92" testName="BackstagePassQualityIncreasesByTwoWhenSellInReachesBetweenSixAndTenDays" computerName="WS-KWILLIAMS" duration="00:00:00.0002163" startTime="2012-10-11T12:57:56.3253397-04:00" endTime="2012-10-11T12:57:56.3409403-04:00" testType="13cdc9d9-ddb5-4fa4-a97d-d965ccfc6d4b" outcome="Passed" testListId="8c84fa94-04c1-424b-9868-57a2d4851a1d" relativeResultsDirectory="951b3c5b-b386-48fc-82db-8f665682e2d7">
    </UnitTestResult>
    <UnitTestResult executionId="12c873d3-1159-417c-99c0-8ededb468dee" testId="de54f744-57cc-2325-2576-47d34a9d1972" testName="GetStrategyReturnsNormalQualityStrategyForNormalItem" computerName="WS-KWILLIAMS" duration="00:00:00.0001424" startTime="2012-10-11T12:57:56.3409403-04:00" endTime="2012-10-11T12:57:56.3409403-04:00" testType="13cdc9d9-ddb5-4fa4-a97d-d965ccfc6d4b" outcome="Passed" testListId="8c84fa94-04c1-424b-9868-57a2d4851a1d" relativeResultsDirectory="12c873d3-1159-417c-99c0-8ededb468dee">
    </UnitTestResult>
    <UnitTestResult executionId="478f12c9-1290-4a39-be4a-1f0cb6be7db2" testId="e294a53a-8e48-f045-9dcf-c925acdd4191" testName="BackstagePassQualityIncreasesByOneTenDays" computerName="WS-KWILLIAMS" duration="00:00:00.0002066" startTime="2012-10-11T12:57:56.3409403-04:00" endTime="2012-10-11T12:57:56.3409403-04:00" testType="13cdc9d9-ddb5-4fa4-a97d-d965ccfc6d4b" outcome="Passed" testListId="8c84fa94-04c1-424b-9868-57a2d4851a1d" relativeResultsDirectory="478f12c9-1290-4a39-be4a-1f0cb6be7db2">
    </UnitTestResult>
    <UnitTestResult executionId="c00295f2-301f-427c-9b26-8837b1b7bb00" testId="e9f7a96e-540e-33c6-dbe4-02974f47e82a" testName="QualityDoesNotGoAboveFiftyWhenSellInIsGreaterThanTenDays" computerName="WS-KWILLIAMS" duration="00:00:00.0001578" startTime="2012-10-11T12:57:56.3409403-04:00" endTime="2012-10-11T12:57:56.3409403-04:00" testType="13cdc9d9-ddb5-4fa4-a97d-d965ccfc6d4b" outcome="Passed" testListId="8c84fa94-04c1-424b-9868-57a2d4851a1d" relativeResultsDirectory="c00295f2-301f-427c-9b26-8837b1b7bb00">
    </UnitTestResult>
    <UnitTestResult executionId="f448f443-b491-45c0-ae0d-52fd611600b9" testId="f835aa2c-fcac-adc6-42e6-7298b1ae58dc" testName="ConjuredItemsDegradeInQualityTwiceAsFastAsNormalItems" computerName="WS-KWILLIAMS" duration="00:00:00.0002055" startTime="2012-10-11T12:57:56.3409403-04:00" endTime="2012-10-11T12:57:56.3409403-04:00" testType="13cdc9d9-ddb5-4fa4-a97d-d965ccfc6d4b" outcome="Passed" testListId="8c84fa94-04c1-424b-9868-57a2d4851a1d" relativeResultsDirectory="f448f443-b491-45c0-ae0d-52fd611600b9">
    </UnitTestResult>
    <UnitTestResult executionId="30252f5f-436c-4fff-ab8e-478e9d865d23" testId="f917dd1b-9ac7-0f85-3d24-2af61a929d22" testName="GetStrategyReturnsAgedBrieQualityStrategyForAgedBrie" computerName="WS-KWILLIAMS" duration="00:00:00.0001470" startTime="2012-10-11T12:57:56.3409403-04:00" endTime="2012-10-11T12:57:56.3565409-04:00" testType="13cdc9d9-ddb5-4fa4-a97d-d965ccfc6d4b" outcome="Passed" testListId="8c84fa94-04c1-424b-9868-57a2d4851a1d" relativeResultsDirectory="30252f5f-436c-4fff-ab8e-478e9d865d23">
    </UnitTestResult>
    <UnitTestResult executionId="0f2c5d92-b2f4-48ca-a269-cdd0f35281db" testId="fd710335-74a2-9199-7500-1eedb55c28d9" testName="QualityIncreasesByThreeWhenSellInIsWithinZeroAndFiveDays" computerName="WS-KWILLIAMS" duration="00:00:00.0001562" startTime="2012-10-11T12:57:56.3565409-04:00" endTime="2012-10-11T12:57:56.3565409-04:00" testType="13cdc9d9-ddb5-4fa4-a97d-d965ccfc6d4b" outcome="Passed" testListId="8c84fa94-04c1-424b-9868-57a2d4851a1d" relativeResultsDirectory="0f2c5d92-b2f4-48ca-a269-cdd0f35281db">
    </UnitTestResult>
  </Results>
</TestRun>